// Jest Snapshot v1, https://goo.gl/fbAQLP

exports[`Init route file should generate to correct tree for the pages folder 1`] = `
"export const routerPagesNames = {
  activate: 'activate',
  rootPage: 'rootPage',
  childOne: {
    index: 'parent-child-one',
    childOneChildOneSubOne: 'parent-child-one-child-one-sub-one',
    childOneChildOneSubTwo: 'parent-child-one-child-one-sub-two',
    user: { index: 'parent-child-one-child-one-sub-one-user' },
  },
  childTwo: {
    index: 'parent-child-two',
    childTwoChildOneSubOne: 'parent-child-two-child-one-sub-one',
  },
  index: 'index',
  all: 'all',
};
"
`;
